---
source: tests/svg_snapshots.rs
expression: svg
---
<svg xmlns="http://www.w3.org/2000/svg" width="1200" height="900" viewBox="0 0 1200 900">
<rect x="0" y="0" width="1200" height="900" fill="white"/>
<defs>
  <clipPath id="cp0"><rect x="95.00" y="125.00" width="874.00" height="710.00"/></clipPath>
  <clipPath id="cp1"><rect x="985.00" y="125.00" width="200.00" height="710.00"/></clipPath>
  <clipPath id="cp2"><rect x="15.00" y="15.00" width="1170.00" height="110.00"/></clipPath>
  <clipPath id="cp3"><rect x="71.00" y="835.00" width="922.00" height="50.00"/></clipPath>
  <clipPath id="cp4"><rect x="-9.00" y="113.00" width="104.00" height="734.00"/></clipPath>
</defs>
<g clip-path="url(#cp0)">
  <rect x="124.13" y="157.27" width="77.69" height="677.73" fill="rgba(215,66,66,1.0000)"/>
  <rect x="201.82" y="157.27" width="77.69" height="677.73" fill="rgba(66,215,66,1.0000)"/>
  <rect x="279.51" y="157.27" width="77.69" height="677.73" fill="rgba(66,66,215,1.0000)"/>
  <rect x="415.47" y="157.27" width="77.69" height="677.73" fill="rgba(215,66,66,1.0000)"/>
  <rect x="493.16" y="157.27" width="77.69" height="677.73" fill="rgba(66,215,66,1.0000)"/>
  <rect x="570.84" y="157.27" width="77.69" height="677.73" fill="rgba(66,66,215,1.0000)"/>
  <rect x="706.80" y="157.27" width="77.69" height="677.73" fill="rgba(215,66,66,1.0000)"/>
  <rect x="784.49" y="157.27" width="77.69" height="677.73" fill="rgba(66,215,66,1.0000)"/>
  <rect x="862.18" y="157.27" width="77.69" height="677.73" fill="rgba(66,66,215,1.0000)"/>
</g>
<g clip-path="url(#cp1)">
  <rect x="998.00" y="224.50" width="14.00" height="14.00" fill="rgba(215,66,66,1.0000)"/>
  <text x="1029.00" y="231.50" font-size="32" font-family="sans-serif" text-anchor="start" dominant-baseline="central" fill="#000000" fill-opacity="1.000">East</text>
  <rect x="998.00" y="288.40" width="14.00" height="14.00" fill="rgba(66,215,66,1.0000)"/>
  <text x="1029.00" y="295.40" font-size="32" font-family="sans-serif" text-anchor="start" dominant-baseline="central" fill="#000000" fill-opacity="1.000">West</text>
  <rect x="998.00" y="352.30" width="14.00" height="14.00" fill="rgba(66,66,215,1.0000)"/>
  <text x="1029.00" y="359.30" font-size="32" font-family="sans-serif" text-anchor="start" dominant-baseline="central" fill="#000000" fill-opacity="1.000">North</text>
</g>
<g clip-path="url(#cp2)">
  <text x="600.00" y="70.00" font-size="48" font-family="sans-serif" text-anchor="middle" dominant-baseline="hanging" fill="#000000" fill-opacity="1.000">
    <tspan x="600.00" dy="0.0">Count by Year and Region (Dodged)</tspan>
  </text>
</g>
<g clip-path="url(#cp3)">
  <rect x="95.00" y="834.50" width="874.00" height="1.00" fill="rgba(179,179,179,1.0000)"/>
  <rect x="240.17" y="832.00" width="1.00" height="6.00" fill="rgba(179,179,179,1.0000)"/>
  <text x="240.67" y="840.00" font-size="24" font-family="sans-serif" text-anchor="middle" dominant-baseline="hanging" fill="#000000" fill-opacity="1.000">2021</text>
  <rect x="531.50" y="832.00" width="1.00" height="6.00" fill="rgba(179,179,179,1.0000)"/>
  <text x="532.00" y="840.00" font-size="24" font-family="sans-serif" text-anchor="middle" dominant-baseline="hanging" fill="#000000" fill-opacity="1.000">2022</text>
  <rect x="822.83" y="832.00" width="1.00" height="6.00" fill="rgba(179,179,179,1.0000)"/>
  <text x="823.33" y="840.00" font-size="24" font-family="sans-serif" text-anchor="middle" dominant-baseline="hanging" fill="#000000" fill-opacity="1.000">2023</text>
  <text x="532.00" y="860.00" font-size="36" font-family="sans-serif" text-anchor="middle" dominant-baseline="hanging" fill="#000000" fill-opacity="1.000">
    <tspan x="532.00" dy="0.0">year</tspan>
  </text>
</g>
<g clip-path="url(#cp4)">
  <rect x="94.50" y="125.00" width="1.00" height="710.00" fill="rgba(179,179,179,1.0000)"/>
  <rect x="92.00" y="802.23" width="6.00" height="1.00" fill="rgba(179,179,179,1.0000)"/>
  <text x="83.00" y="802.73" font-size="24" font-family="sans-serif" text-anchor="end" dominant-baseline="central" fill="#000000" fill-opacity="1.000">0</text>
  <rect x="92.00" y="673.14" width="6.00" height="1.00" fill="rgba(179,179,179,1.0000)"/>
  <text x="83.00" y="673.64" font-size="24" font-family="sans-serif" text-anchor="end" dominant-baseline="central" fill="#000000" fill-opacity="1.000">0.2</text>
  <rect x="92.00" y="544.05" width="6.00" height="1.00" fill="rgba(179,179,179,1.0000)"/>
  <text x="83.00" y="544.55" font-size="24" font-family="sans-serif" text-anchor="end" dominant-baseline="central" fill="#000000" fill-opacity="1.000">0.4</text>
  <rect x="92.00" y="414.95" width="6.00" height="1.00" fill="rgba(179,179,179,1.0000)"/>
  <text x="83.00" y="415.45" font-size="24" font-family="sans-serif" text-anchor="end" dominant-baseline="central" fill="#000000" fill-opacity="1.000">0.6</text>
  <rect x="92.00" y="285.86" width="6.00" height="1.00" fill="rgba(179,179,179,1.0000)"/>
  <text x="83.00" y="286.36" font-size="24" font-family="sans-serif" text-anchor="end" dominant-baseline="central" fill="#000000" fill-opacity="1.000">0.8</text>
  <rect x="92.00" y="156.77" width="6.00" height="1.00" fill="rgba(179,179,179,1.0000)"/>
  <text x="83.00" y="157.27" font-size="24" font-family="sans-serif" text-anchor="end" dominant-baseline="central" fill="#000000" fill-opacity="1.000">1.0</text>
</g>
</svg>
